Archive member included to satisfy reference by file (symbol)

c:/st/stm32cubeide_1.7.0/stm32cubeide/plugins/com.st.stm32cube.ide.mcu.externaltools.gnu-tools-for-stm32.9-2020-q2-update.win32_2.0.0.202105311346/tools/bin/../lib/gcc/arm-none-eabi/9.3.1/../../../../arm-none-eabi/lib/thumb/v7-m/nofp\libc_nano.a(lib_a-errno.o)
                              ./Core/Src/syscalls.o (__errno)
c:/st/stm32cubeide_1.7.0/stm32cubeide/plugins/com.st.stm32cube.ide.mcu.externaltools.gnu-tools-for-stm32.9-2020-q2-update.win32_2.0.0.202105311346/tools/bin/../lib/gcc/arm-none-eabi/9.3.1/../../../../arm-none-eabi/lib/thumb/v7-m/nofp\libc_nano.a(lib_a-exit.o)
                              c:/st/stm32cubeide_1.7.0/stm32cubeide/plugins/com.st.stm32cube.ide.mcu.externaltools.gnu-tools-for-stm32.9-2020-q2-update.win32_2.0.0.202105311346/tools/bin/../lib/gcc/arm-none-eabi/9.3.1/../../../../arm-none-eabi/lib/thumb/v7-m/nofp/crt0.o (exit)
c:/st/stm32cubeide_1.7.0/stm32cubeide/plugins/com.st.stm32cube.ide.mcu.externaltools.gnu-tools-for-stm32.9-2020-q2-update.win32_2.0.0.202105311346/tools/bin/../lib/gcc/arm-none-eabi/9.3.1/../../../../arm-none-eabi/lib/thumb/v7-m/nofp\libc_nano.a(lib_a-impure.o)
                              c:/st/stm32cubeide_1.7.0/stm32cubeide/plugins/com.st.stm32cube.ide.mcu.externaltools.gnu-tools-for-stm32.9-2020-q2-update.win32_2.0.0.202105311346/tools/bin/../lib/gcc/arm-none-eabi/9.3.1/../../../../arm-none-eabi/lib/thumb/v7-m/nofp\libc_nano.a(lib_a-exit.o) (_global_impure_ptr)
c:/st/stm32cubeide_1.7.0/stm32cubeide/plugins/com.st.stm32cube.ide.mcu.externaltools.gnu-tools-for-stm32.9-2020-q2-update.win32_2.0.0.202105311346/tools/bin/../lib/gcc/arm-none-eabi/9.3.1/../../../../arm-none-eabi/lib/thumb/v7-m/nofp\libc_nano.a(lib_a-init.o)
                              c:/st/stm32cubeide_1.7.0/stm32cubeide/plugins/com.st.stm32cube.ide.mcu.externaltools.gnu-tools-for-stm32.9-2020-q2-update.win32_2.0.0.202105311346/tools/bin/../lib/gcc/arm-none-eabi/9.3.1/../../../../arm-none-eabi/lib/thumb/v7-m/nofp/crt0.o (__libc_init_array)
c:/st/stm32cubeide_1.7.0/stm32cubeide/plugins/com.st.stm32cube.ide.mcu.externaltools.gnu-tools-for-stm32.9-2020-q2-update.win32_2.0.0.202105311346/tools/bin/../lib/gcc/arm-none-eabi/9.3.1/../../../../arm-none-eabi/lib/thumb/v7-m/nofp\libc_nano.a(lib_a-memset.o)
                              c:/st/stm32cubeide_1.7.0/stm32cubeide/plugins/com.st.stm32cube.ide.mcu.externaltools.gnu-tools-for-stm32.9-2020-q2-update.win32_2.0.0.202105311346/tools/bin/../lib/gcc/arm-none-eabi/9.3.1/../../../../arm-none-eabi/lib/thumb/v7-m/nofp/crt0.o (memset)

Allocating common symbols
Common symbol       size              file

buttonkey           0x10              ./Core/Src/button.o
buttonFlag          0x28              ./Core/Src/button.o
timer_counter       0x28              ./Core/Src/timer.o
uwTick              0x4               ./Drivers/STM32F1xx_HAL_Driver/Src/stm32f1xx_hal.o
pFlash              0x20              ./Drivers/STM32F1xx_HAL_Driver/Src/stm32f1xx_hal_flash.o
led_buffer          0x10              ./Core/Src/main.o
led_index           0x4               ./Core/Src/main.o
timer_flag          0x28              ./Core/Src/timer.o
htim2               0x48              ./Core/Src/main.o

Discarded input sections

 .text          0x0000000000000000        0x0 c:/st/stm32cubeide_1.7.0/stm32cubeide/plugins/com.st.stm32cube.ide.mcu.externaltools.gnu-tools-for-stm32.9-2020-q2-update.win32_2.0.0.202105311346/tools/bin/../lib/gcc/arm-none-eabi/9.3.1/thumb/v7-m/nofp/crti.o
 .data          0x0000000000000000        0x0 c:/st/stm32cubeide_1.7.0/stm32cubeide/plugins/com.st.stm32cube.ide.mcu.externaltools.gnu-tools-for-stm32.9-2020-q2-update.win32_2.0.0.202105311346/tools/bin/../lib/gcc/arm-none-eabi/9.3.1/thumb/v7-m/nofp/crti.o
 .bss           0x0000000000000000        0x0 c:/st/stm32cubeide_1.7.0/stm32cubeide/plugins/com.st.stm32cube.ide.mcu.externaltools.gnu-tools-for-stm32.9-2020-q2-update.win32_2.0.0.202105311346/tools/bin/../lib/gcc/arm-none-eabi/9.3.1/thumb/v7-m/nofp/crti.o
 .data          0x0000000000000000        0x4 c:/st/stm32cubeide_1.7.0/stm32cubeide/plugins/com.st.stm32cube.ide.mcu.externaltools.gnu-tools-for-stm32.9-2020-q2-update.win32_2.0.0.202105311346/tools/bin/../lib/gcc/arm-none-eabi/9.3.1/thumb/v7-m/nofp/crtbegin.o
 .text          0x0000000000000000       0x7c c:/st/stm32cubeide_1.7.0/stm32cubeide/plugins/com.st.stm32cube.ide.mcu.externaltools.gnu-tools-for-stm32.9-2020-q2-update.win32_2.0.0.202105311346/tools/bin/../lib/gcc/arm-none-eabi/9.3.1/../../../../arm-none-eabi/lib/thumb/v7-m/nofp/crt0.o
 .data          0x0000000000000000        0x0 c:/st/stm32cubeide_1.7.0/stm32cubeide/plugins/com.st.stm32cube.ide.mcu.externaltools.gnu-tools-for-stm32.9-2020-q2-update.win32_2.0.0.202105311346/tools/bin/../lib/gcc/arm-none-eabi/9.3.1/../../../../arm-none-eabi/lib/thumb/v7-m/nofp/crt0.o
[...]
Memory Configuration

Name             Origin             Length             Attributes
RAM              0x0000000020000000 0x0000000000002800 xrw
FLASH            0x0000000008000000 0x0000000000008000 xr
*default*        0x0000000000000000 0xffffffffffffffff

Linker script and memory map

LOAD c:/st/stm32cubeide_1.7.0/stm32cubeide/plugins/com.st.stm32cube.ide.mcu.externaltools.gnu-tools-for-stm32.9-2020-q2-update.win32_2.0.0.202105311346/tools/bin/../lib/gcc/arm-none-eabi/9.3.1/thumb/v7-m/nofp/crti.o
LOAD c:/st/stm32cubeide_1.7.0/stm32cubeide/plugins/com.st.stm32cube.ide.mcu.externaltools.gnu-tools-for-stm32.9-2020-q2-update.win32_2.0.0.202105311346/tools/bin/../lib/gcc/arm-none-eabi/9.3.1/thumb/v7-m/nofp/crtbegin.o
LOAD c:/st/stm32cubeide_1.7.0/stm32cubeide/plugins/com.st.stm32cube.ide.mcu.externaltools.gnu-tools-for-stm32.9-2020-q2-update.win32_2.0.0.202105311346/tools/bin/../lib/gcc/arm-none-eabi/9.3.1/../../../../arm-none-eabi/lib/thumb/v7-m/nofp/crt0.o
LOAD ./Core/Src/FUNC.o
LOAD ./Core/Src/button.o
LOAD ./Core/Src/fsm_auto.o
LOAD ./Core/Src/fsm_manual.o
LOAD ./Core/Src/fsm_setting.o
LOAD ./Core/Src/global.o
LOAD ./Core/Src/led7_seg.o
LOAD ./Core/Src/main.o
LOAD ./Core/Src/stm32f1xx_hal_msp.o
LOAD ./Core/Src/stm32f1xx_it.o
LOAD ./Core/Src/syscalls.o
LOAD ./Core/Src/sysmem.o
LOAD ./Core/Src/system_stm32f1xx.o
LOAD ./Core/Src/timer.o
LOAD ./Core/Src/traffic_light.o
LOAD ./Core/Startup/startup_stm32f103c6ux.o
LOAD ./Drivers/STM32F1xx_HAL_Driver/Src/stm32f1xx_hal.o
LOAD ./Drivers/STM32F1xx_HAL_Driver/Src/stm32f1xx_hal_cortex.o
LOAD ./Drivers/STM32F1xx_HAL_Driver/Src/stm32f1xx_hal_dma.o
LOAD ./Drivers/STM32F1xx_HAL_Driver/Src/stm32f1xx_hal_exti.o
LOAD ./Drivers/STM32F1xx_HAL_Driver/Src/stm32f1xx_hal_flash.o
LOAD ./Drivers/STM32F1xx_HAL_Driver/Src/stm32f1xx_hal_flash_ex.o
LOAD ./Drivers/STM32F1xx_HAL_Driver/Src/stm32f1xx_hal_gpio.o
LOAD ./Drivers/STM32F1xx_HAL_Driver/Src/stm32f1xx_hal_gpio_ex.o
LOAD ./Drivers/STM32F1xx_HAL_Driver/Src/stm32f1xx_hal_pwr.o
LOAD ./Drivers/STM32F1xx_HAL_Driver/Src/stm32f1xx_hal_rcc.o
LOAD ./Drivers/STM32F1xx_HAL_Driver/Src/stm32f1xx_hal_rcc_ex.o
LOAD ./Drivers/STM32F1xx_HAL_Driver/Src/stm32f1xx_hal_tim.o
LOAD ./Drivers/STM32F1xx_HAL_Driver/Src/stm32f1xx_hal_tim_ex.o
START GROUP
LOAD c:/st/stm32cubeide_1.7.0/stm32cubeide/plugins/com.st.stm32cube.ide.mcu.externaltools.gnu-tools-for-stm32.9-2020-q2-update.win32_2.0.0.202105311346/tools/bin/../lib/gcc/arm-none-eabi/9.3.1/../../../../arm-none-eabi/lib/thumb/v7-m/nofp\libc_nano.a
LOAD c:/st/stm32cubeide_1.7.0/stm32cubeide/plugins/com.st.stm32cube.ide.mcu.externaltools.gnu-tools-for-stm32.9-2020-q2-update.win32_2.0.0.202105311346/tools/bin/../lib/gcc/arm-none-eabi/9.3.1/../../../../arm-none-eabi/lib/thumb/v7-m/nofp\libm.a
END GROUP
START GROUP
LOAD c:/st/stm32cubeide_1.7.0/stm32cubeide/plugins/com.st.stm32cube.ide.mcu.externaltools.gnu-tools-for-stm32.9-2020-q2-update.win32_2.0.0.202105311346/tools/bin/../lib/gcc/arm-none-eabi/9.3.1/thumb/v7-m/nofp\libgcc.a
LOAD c:/st/stm32cubeide_1.7.0/stm32cubeide/plugins/com.st.stm32cube.ide.mcu.externaltools.gnu-tools-for-stm32.9-2020-q2-update.win32_2.0.0.202105311346/tools/bin/../lib/gcc/arm-none-eabi/9.3.1/../../../../arm-none-eabi/lib/thumb/v7-m/nofp\libc_nano.a
END GROUP
START GROUP
LOAD c:/st/stm32cubeide_1.7.0/stm32cubeide/plugins/com.st.stm32cube.ide.mcu.externaltools.gnu-tools-for-stm32.9-2020-q2-update.win32_2.0.0.202105311346/tools/bin/../lib/gcc/arm-none-eabi/9.3.1/thumb/v7-m/nofp\libgcc.a
LOAD c:/st/stm32cubeide_1.7.0/stm32cubeide/plugins/com.st.stm32cube.ide.mcu.externaltools.gnu-tools-for-stm32.9-2020-q2-update.win32_2.0.0.202105311346/tools/bin/../lib/gcc/arm-none-eabi/9.3.1/../../../../arm-none-eabi/lib/thumb/v7-m/nofp\libc_nano.a
LOAD c:/st/stm32cubeide_1.7.0/stm32cubeide/plugins/com.st.stm32cube.ide.mcu.externaltools.gnu-tools-for-stm32.9-2020-q2-update.win32_2.0.0.202105311346/tools/bin/../lib/gcc/arm-none-eabi/9.3.1/../../../../arm-none-eabi/lib/thumb/v7-m/nofp\libnosys.a
END GROUP
START GROUP
LOAD c:/st/stm32cubeide_1.7.0/stm32cubeide/plugins/com.st.stm32cube.ide.mcu.externaltools.gnu-tools-for-stm32.9-2020-q2-update.win32_2.0.0.202105311346/tools/bin/../lib/gcc/arm-none-eabi/9.3.1/thumb/v7-m/nofp\libgcc.a
LOAD c:/st/stm32cubeide_1.7.0/stm32cubeide/plugins/com.st.stm32cube.ide.mcu.externaltools.gnu-tools-for-stm32.9-2020-q2-update.win32_2.0.0.202105311346/tools/bin/../lib/gcc/arm-none-eabi/9.3.1/../../../../arm-none-eabi/lib/thumb/v7-m/nofp\libc_nano.a
LOAD c:/st/stm32cubeide_1.7.0/stm32cubeide/plugins/com.st.stm32cube.ide.mcu.externaltools.gnu-tools-for-stm32.9-2020-q2-update.win32_2.0.0.202105311346/tools/bin/../lib/gcc/arm-none-eabi/9.3.1/../../../../arm-none-eabi/lib/thumb/v7-m/nofp\libnosys.a
END GROUP
LOAD c:/st/stm32cubeide_1.7.0/stm32cubeide/plugins/com.st.stm32cube.ide.mcu.externaltools.gnu-tools-for-stm32.9-2020-q2-update.win32_2.0.0.202105311346/tools/bin/../lib/gcc/arm-none-eabi/9.3.1/thumb/v7-m/nofp/crtend.o
LOAD c:/st/stm32cubeide_1.7.0/stm32cubeide/plugins/com.st.stm32cube.ide.mcu.externaltools.gnu-tools-for-stm32.9-2020-q2-update.win32_2.0.0.202105311346/tools/bin/../lib/gcc/arm-none-eabi/9.3.1/thumb/v7-m/nofp/crtn.o
                0x0000000020002800                _estack = (ORIGIN (RAM) + LENGTH (RAM))
                0x0000000000000200                _Min_Heap_Size = 0x200
                0x0000000000000400                _Min_Stack_Size = 0x400

.isr_vector     0x0000000008000000      0x10c
                0x0000000008000000                . = ALIGN (0x4)
 *(.isr_vector)
 .isr_vector    0x0000000008000000      0x10c ./Core/Startup/startup_stm32f103c6ux.o
                0x0000000008000000                g_pfnVectors
                0x000000000800010c                . = ALIGN (0x4)

.text           0x000000000800010c     0x21dc
                0x000000000800010c                . = ALIGN (0x4)
 *(.text)
 .text          0x000000000800010c       0x40 c:/st/stm32cubeide_1.7.0/stm32cubeide/plugins/com.st.stm32cube.ide.mcu.externaltools.gnu-tools-for-stm32.9-2020-q2-update.win32_2.0.0.202105311346/tools/bin/../lib/gcc/arm-none-eabi/9.3.1/thumb/v7-m/nofp/crtbegin.o
 *(.text*)
 .text.getkeyInput
                0x000000000800014c      0x1dc ./Core/Src/button.o
                0x000000000800014c                getkeyInput
 .text.isButtonPress
                0x0000000008000328       0x34 ./Core/Src/button.o
                0x0000000008000328                isButtonPress
 .text.fsm_auto_run
                0x000000000800035c      0x1e4 ./Core/Src/fsm_auto.o
                0x000000000800035c                fsm_auto_run
 .text.fsm_manual
                0x0000000008000540      0x10c ./Core/Src/fsm_manual.o
                0x0000000008000540                fsm_manual
 .text.resetled
                0x000000000800064c       0xcc ./Core/Src/global.o
                0x000000000800064c                resetled
 .text.main     0x0000000008000718       0x3c ./Core/Src/main.o
                0x0000000008000718                main
 .text.SystemClock_Config
                0x0000000008000754       0x76 ./Core/Src/main.o
                0x0000000008000754                SystemClock_Config
 *fill*         0x00000000080007ca        0x2 
 .text.MX_TIM2_Init
                0x00000000080007cc       0x98 ./Core/Src/main.o
 .text.MX_GPIO_Init
                0x0000000008000864       0xdc ./Core/Src/main.o
 .text.HAL_TIM_PeriodElapsedCallback
                0x0000000008000940       0x20 ./Core/Src/main.o
                0x0000000008000940                HAL_TIM_PeriodElapsedCallback
 .text.updateClockBuffer
                0x0000000008000960       0x80 ./Core/Src/main.o
                0x0000000008000960                updateClockBuffer
 .text.Error_Handler
                0x00000000080009e0        0xa ./Core/Src/main.o
                0x00000000080009e0                Error_Handler
 *fill*         0x00000000080009ea        0x2 
 .text.HAL_MspInit
                0x00000000080009ec       0x64 ./Core/Src/stm32f1xx_hal_msp.o
                0x00000000080009ec                HAL_MspInit
 .text.HAL_TIM_Base_MspInit
                0x0000000008000a50       0x48 ./Core/Src/stm32f1xx_hal_msp.o
                0x0000000008000a50                HAL_TIM_Base_MspInit
 .text.NMI_Handler
                0x0000000008000a98        0x6 ./Core/Src/stm32f1xx_it.o
                0x0000000008000a98                NMI_Handler
 .text.HardFault_Handler
                0x0000000008000a9e        0x6 ./Core/Src/stm32f1xx_it.o
                0x0000000008000a9e                HardFault_Handler
 .text.MemManage_Handler
                0x0000000008000aa4        0x6 ./Core/Src/stm32f1xx_it.o
                0x0000000008000aa4                MemManage_Handler
 .text.BusFault_Handler
                0x0000000008000aaa        0x6 ./Core/Src/stm32f1xx_it.o
                0x0000000008000aaa                BusFault_Handler
 .text.UsageFault_Handler
                0x0000000008000ab0        0x6 ./Core/Src/stm32f1xx_it.o
                0x0000000008000ab0                UsageFault_Handler
 .text.SVC_Handler
                0x0000000008000ab6        0xc ./Core/Src/stm32f1xx_it.o
                0x0000000008000ab6                SVC_Handler
 .text.DebugMon_Handler
                0x0000000008000ac2        0xc ./Core/Src/stm32f1xx_it.o
                0x0000000008000ac2                DebugMon_Handler
 .text.PendSV_Handler
                0x0000000008000ace        0xc ./Core/Src/stm32f1xx_it.o
                0x0000000008000ace                PendSV_Handler
 .text.SysTick_Handler
                0x0000000008000ada        0xc ./Core/Src/stm32f1xx_it.o
                0x0000000008000ada                SysTick_Handler
 *fill*         0x0000000008000ae6        0x2 
 .text.TIM2_IRQHandler
                0x0000000008000ae8       0x14 ./Core/Src/stm32f1xx_it.o
                0x0000000008000ae8                TIM2_IRQHandler
 .text.SystemInit
                0x0000000008000afc        0xc ./Core/Src/system_stm32f1xx.o
                0x0000000008000afc                SystemInit
 .text.set_timer
                0x0000000008000b08       0x30 ./Core/Src/timer.o
                0x0000000008000b08                set_timer
 .text.timerrun
                0x0000000008000b38       0x44 ./Core/Src/timer.o
                0x0000000008000b38                timerrun
 .text.timer_init
                0x0000000008000b7c       0x18 ./Core/Src/timer.o
                0x0000000008000b7c                timer_init
 .text.led_state
                0x0000000008000b94       0xc4 ./Core/Src/traffic_light.o
                0x0000000008000b94                led_state
 .text.Reset_Handler
                0x0000000008000c58       0x48 ./Core/Startup/startup_stm32f103c6ux.o
                0x0000000008000c58                Reset_Handler
 .text.Default_Handler
                0x0000000008000ca0        0x2 ./Core/Startup/startup_stm32f103c6ux.o
                0x0000000008000ca0                RTC_Alarm_IRQHandler
                0x0000000008000ca0                EXTI2_IRQHandler
                0x0000000008000ca0                TIM1_CC_IRQHandler
                0x0000000008000ca0                PVD_IRQHandler
                0x0000000008000ca0                EXTI3_IRQHandler
                0x0000000008000ca0                EXTI0_IRQHandler
                0x0000000008000ca0                ADC1_2_IRQHandler
                0x0000000008000ca0                SPI1_IRQHandler
                0x0000000008000ca0                TAMPER_IRQHandler
                0x0000000008000ca0                DMA1_Channel4_IRQHandler
                0x0000000008000ca0                RTC_IRQHandler
                0x0000000008000ca0                DMA1_Channel7_IRQHandler
                0x0000000008000ca0                CAN1_RX1_IRQHandler
                0x0000000008000ca0                I2C1_EV_IRQHandler
                0x0000000008000ca0                DMA1_Channel6_IRQHandler
                0x0000000008000ca0                TIM3_IRQHandler
                0x0000000008000ca0                RCC_IRQHandler
                0x0000000008000ca0                TIM1_TRG_COM_IRQHandler
                0x0000000008000ca0                DMA1_Channel1_IRQHandler
                0x0000000008000ca0                Default_Handler
                0x0000000008000ca0                EXTI15_10_IRQHandler
                0x0000000008000ca0                EXTI9_5_IRQHandler
                0x0000000008000ca0                DMA1_Channel5_IRQHandler
                0x0000000008000ca0                EXTI4_IRQHandler
                0x0000000008000ca0                USB_LP_CAN1_RX0_IRQHandler
                0x0000000008000ca0                USB_HP_CAN1_TX_IRQHandler
                0x0000000008000ca0                DMA1_Channel3_IRQHandler
                0x0000000008000ca0                TIM1_UP_IRQHandler
                0x0000000008000ca0                WWDG_IRQHandler
                0x0000000008000ca0                TIM1_BRK_IRQHandler
                0x0000000008000ca0                EXTI1_IRQHandler
                0x0000000008000ca0                USART2_IRQHandler
                0x0000000008000ca0                DMA1_Channel2_IRQHandler
                0x0000000008000ca0                CAN1_SCE_IRQHandler
                0x0000000008000ca0                FLASH_IRQHandler
                0x0000000008000ca0                USART1_IRQHandler
                0x0000000008000ca0                I2C1_ER_IRQHandler
                0x0000000008000ca0                USBWakeUp_IRQHandler
 *fill*         0x0000000008000ca2        0x2 
 .text.HAL_Init
                0x0000000008000ca4       0x2c ./Drivers/STM32F1xx_HAL_Driver/Src/stm32f1xx_hal.o
                0x0000000008000ca4                HAL_Init
 .text.HAL_InitTick
                0x0000000008000cd0       0x60 ./Drivers/STM32F1xx_HAL_Driver/Src/stm32f1xx_hal.o
                0x0000000008000cd0                HAL_InitTick
 .text.HAL_IncTick
                0x0000000008000d30       0x24 ./Drivers/STM32F1xx_HAL_Driver/Src/stm32f1xx_hal.o
                0x0000000008000d30                HAL_IncTick
 .text.HAL_GetTick
                0x0000000008000d54       0x14 ./Drivers/STM32F1xx_HAL_Driver/Src/stm32f1xx_hal.o
                0x0000000008000d54                HAL_GetTick
 .text.__NVIC_SetPriorityGrouping
                0x0000000008000d68       0x48 ./Drivers/STM32F1xx_HAL_Driver/Src/stm32f1xx_hal_cortex.o
 .text.__NVIC_GetPriorityGrouping
                0x0000000008000db0       0x1c ./Drivers/STM32F1xx_HAL_Driver/Src/stm32f1xx_hal_cortex.o
 .text.__NVIC_EnableIRQ
                0x0000000008000dcc       0x38 ./Drivers/STM32F1xx_HAL_Driver/Src/stm32f1xx_hal_cortex.o
 .text.__NVIC_SetPriority
                0x0000000008000e04       0x54 ./Drivers/STM32F1xx_HAL_Driver/Src/stm32f1xx_hal_cortex.o
 .text.NVIC_EncodePriority
                0x0000000008000e58       0x64 ./Drivers/STM32F1xx_HAL_Driver/Src/stm32f1xx_hal_cortex.o
 .text.SysTick_Config
                0x0000000008000ebc       0x44 ./Drivers/STM32F1xx_HAL_Driver/Src/stm32f1xx_hal_cortex.o
 .text.HAL_NVIC_SetPriorityGrouping
                0x0000000008000f00       0x16 ./Drivers/STM32F1xx_HAL_Driver/Src/stm32f1xx_hal_cortex.o
                0x0000000008000f00                HAL_NVIC_SetPriorityGrouping
 .text.HAL_NVIC_SetPriority
                0x0000000008000f16       0x38 ./Drivers/STM32F1xx_HAL_Driver/Src/stm32f1xx_hal_cortex.o
                0x0000000008000f16                HAL_NVIC_SetPriority
 .text.HAL_NVIC_EnableIRQ
                0x0000000008000f4e       0x1c ./Drivers/STM32F1xx_HAL_Driver/Src/stm32f1xx_hal_cortex.o
                0x0000000008000f4e                HAL_NVIC_EnableIRQ
 .text.HAL_SYSTICK_Config
                0x0000000008000f6a       0x18 ./Drivers/STM32F1xx_HAL_Driver/Src/stm32f1xx_hal_cortex.o
                0x0000000008000f6a                HAL_SYSTICK_Config
 *fill*         0x0000000008000f82        0x2 
 .text.HAL_GPIO_Init
                0x0000000008000f84      0x2f4 ./Drivers/STM32F1xx_HAL_Driver/Src/stm32f1xx_hal_gpio.o
                0x0000000008000f84                HAL_GPIO_Init
 .text.HAL_GPIO_ReadPin
                0x0000000008001278       0x2e ./Drivers/STM32F1xx_HAL_Driver/Src/stm32f1xx_hal_gpio.o
                0x0000000008001278                HAL_GPIO_ReadPin
 .text.HAL_GPIO_WritePin
                0x00000000080012a6       0x30 ./Drivers/STM32F1xx_HAL_Driver/Src/stm32f1xx_hal_gpio.o
                0x00000000080012a6                HAL_GPIO_WritePin
 .text.HAL_GPIO_TogglePin
                0x00000000080012d6       0x32 ./Drivers/STM32F1xx_HAL_Driver/Src/stm32f1xx_hal_gpio.o
                0x00000000080012d6                HAL_GPIO_TogglePin
 .text.HAL_RCC_OscConfig
                0x0000000008001308      0x500 ./Drivers/STM32F1xx_HAL_Driver/Src/stm32f1xx_hal_rcc.o
                0x0000000008001308                HAL_RCC_OscConfig
 .text.HAL_RCC_ClockConfig
                0x0000000008001808      0x1d4 ./Drivers/STM32F1xx_HAL_Driver/Src/stm32f1xx_hal_rcc.o
                0x0000000008001808                HAL_RCC_ClockConfig
 .text.HAL_RCC_GetSysClockFreq
                0x00000000080019dc       0xa8 ./Drivers/STM32F1xx_HAL_Driver/Src/stm32f1xx_hal_rcc.o
                0x00000000080019dc                HAL_RCC_GetSysClockFreq
 .text.RCC_Delay
                0x0000000008001a84       0x3c ./Drivers/STM32F1xx_HAL_Driver/Src/stm32f1xx_hal_rcc.o
 .text.HAL_TIM_Base_Init
                0x0000000008001ac0       0x9e ./Drivers/STM32F1xx_HAL_Driver/Src/stm32f1xx_hal_tim.o
                0x0000000008001ac0                HAL_TIM_Base_Init
 *fill*         0x0000000008001b5e        0x2 
 .text.HAL_TIM_Base_Start_IT
                0x0000000008001b60       0x98 ./Drivers/STM32F1xx_HAL_Driver/Src/stm32f1xx_hal_tim.o
                0x0000000008001b60                HAL_TIM_Base_Start_IT
 .text.HAL_TIM_IRQHandler
                0x0000000008001bf8      0x1e0 ./Drivers/STM32F1xx_HAL_Driver/Src/stm32f1xx_hal_tim.o
                0x0000000008001bf8                HAL_TIM_IRQHandler
 .text.HAL_TIM_ConfigClockSource
                0x0000000008001dd8      0x18e ./Drivers/STM32F1xx_HAL_Driver/Src/stm32f1xx_hal_tim.o
                0x0000000008001dd8                HAL_TIM_ConfigClockSource
 .text.HAL_TIM_OC_DelayElapsedCallback
                0x0000000008001f66       0x12 ./Drivers/STM32F1xx_HAL_Driver/Src/stm32f1xx_hal_tim.o
                0x0000000008001f66                HAL_TIM_OC_DelayElapsedCallback
 .text.HAL_TIM_IC_CaptureCallback
                0x0000000008001f78       0x12 ./Drivers/STM32F1xx_HAL_Driver/Src/stm32f1xx_hal_tim.o
                0x0000000008001f78                HAL_TIM_IC_CaptureCallback
 .text.HAL_TIM_PWM_PulseFinishedCallback
                0x0000000008001f8a       0x12 ./Drivers/STM32F1xx_HAL_Driver/Src/stm32f1xx_hal_tim.o
                0x0000000008001f8a                HAL_TIM_PWM_PulseFinishedCallback
 .text.HAL_TIM_TriggerCallback
                0x0000000008001f9c       0x12 ./Drivers/STM32F1xx_HAL_Driver/Src/stm32f1xx_hal_tim.o
                0x0000000008001f9c                HAL_TIM_TriggerCallback
 *fill*         0x0000000008001fae        0x2 
 .text.TIM_Base_SetConfig
                0x0000000008001fb0       0xc8 ./Drivers/STM32F1xx_HAL_Driver/Src/stm32f1xx_hal_tim.o
                0x0000000008001fb0                TIM_Base_SetConfig
 .text.TIM_TI1_ConfigInputStage
                0x0000000008002078       0x5c ./Drivers/STM32F1xx_HAL_Driver/Src/stm32f1xx_hal_tim.o
 .text.TIM_TI2_ConfigInputStage
                0x00000000080020d4       0x5e ./Drivers/STM32F1xx_HAL_Driver/Src/stm32f1xx_hal_tim.o
 .text.TIM_ITRx_SetConfig
                0x0000000008002132       0x34 ./Drivers/STM32F1xx_HAL_Driver/Src/stm32f1xx_hal_tim.o
 .text.TIM_ETR_SetConfig
                0x0000000008002166       0x3e ./Drivers/STM32F1xx_HAL_Driver/Src/stm32f1xx_hal_tim.o
                0x0000000008002166                TIM_ETR_SetConfig
 .text.HAL_TIMEx_MasterConfigSynchronization
                0x00000000080021a4       0xb0 ./Drivers/STM32F1xx_HAL_Driver/Src/stm32f1xx_hal_tim_ex.o
                0x00000000080021a4                HAL_TIMEx_MasterConfigSynchronization
 .text.HAL_TIMEx_CommutCallback
                0x0000000008002254       0x12 ./Drivers/STM32F1xx_HAL_Driver/Src/stm32f1xx_hal_tim_ex.o
                0x0000000008002254                HAL_TIMEx_CommutCallback
 .text.HAL_TIMEx_BreakCallback
                0x0000000008002266       0x12 ./Drivers/STM32F1xx_HAL_Driver/Src/stm32f1xx_hal_tim_ex.o
                0x0000000008002266                HAL_TIMEx_BreakCallback
 .text.__libc_init_array
                0x0000000008002278       0x48 c:/st/stm32cubeide_1.7.0/stm32cubeide/plugins/com.st.stm32cube.ide.mcu.externaltools.gnu-tools-for-stm32.9-2020-q2-update.win32_2.0.0.202105311346/tools/bin/../lib/gcc/arm-none-eabi/9.3.1/../../../../arm-none-eabi/lib/thumb/v7-m/nofp\libc_nano.a(lib_a-init.o)
                0x0000000008002278                __libc_init_array
 .text.memset   0x00000000080022c0       0x10 c:/st/stm32cubeide_1.7.0/stm32cubeide/plugins/com.st.stm32cube.ide.mcu.externaltools.gnu-tools-for-stm32.9-2020-q2-update.win32_2.0.0.202105311346/tools/bin/../lib/gcc/arm-none-eabi/9.3.1/../../../../arm-none-eabi/lib/thumb/v7-m/nofp\libc_nano.a(lib_a-memset.o)
                0x00000000080022c0                memset
 *(.glue_7)
 .glue_7        0x00000000080022d0        0x0 linker stubs
 *(.glue_7t)
 .glue_7t       0x00000000080022d0        0x0 linker stubs
 *(.eh_frame)
 .eh_frame      0x00000000080022d0        0x0 c:/st/stm32cubeide_1.7.0/stm32cubeide/plugins/com.st.stm32cube.ide.mcu.externaltools.gnu-tools-for-stm32.9-2020-q2-update.win32_2.0.0.202105311346/tools/bin/../lib/gcc/arm-none-eabi/9.3.1/thumb/v7-m/nofp/crtbegin.o
 *(.init)
 .init          0x00000000080022d0        0x4 c:/st/stm32cubeide_1.7.0/stm32cubeide/plugins/com.st.stm32cube.ide.mcu.externaltools.gnu-tools-for-stm32.9-2020-q2-update.win32_2.0.0.202105311346/tools/bin/../lib/gcc/arm-none-eabi/9.3.1/thumb/v7-m/nofp/crti.o
                0x00000000080022d0                _init
 .init          0x00000000080022d4        0x8 c:/st/stm32cubeide_1.7.0/stm32cubeide/plugins/com.st.stm32cube.ide.mcu.externaltools.gnu-tools-for-stm32.9-2020-q2-update.win32_2.0.0.202105311346/tools/bin/../lib/gcc/arm-none-eabi/9.3.1/thumb/v7-m/nofp/crtn.o
 *(.fini)
 .fini          0x00000000080022dc        0x4 c:/st/stm32cubeide_1.7.0/stm32cubeide/plugins/com.st.stm32cube.ide.mcu.externaltools.gnu-tools-for-stm32.9-2020-q2-update.win32_2.0.0.202105311346/tools/bin/../lib/gcc/arm-none-eabi/9.3.1/thumb/v7-m/nofp/crti.o
                0x00000000080022dc                _fini
 .fini          0x00000000080022e0        0x8 c:/st/stm32cubeide_1.7.0/stm32cubeide/plugins/com.st.stm32cube.ide.mcu.externaltools.gnu-tools-for-stm32.9-2020-q2-update.win32_2.0.0.202105311346/tools/bin/../lib/gcc/arm-none-eabi/9.3.1/thumb/v7-m/nofp/crtn.o
                0x00000000080022e8                . = ALIGN (0x4)
                0x00000000080022e8                _etext = .

.vfp11_veneer   0x00000000080022e8        0x0
 .vfp11_veneer  0x00000000080022e8        0x0 linker stubs

.v4_bx          0x00000000080022e8        0x0
 .v4_bx         0x00000000080022e8        0x0 linker stubs

.iplt           0x00000000080022e8        0x0
 .iplt          0x00000000080022e8        0x0 c:/st/stm32cubeide_1.7.0/stm32cubeide/plugins/com.st.stm32cube.ide.mcu.externaltools.gnu-tools-for-stm32.9-2020-q2-update.win32_2.0.0.202105311346/tools/bin/../lib/gcc/arm-none-eabi/9.3.1/thumb/v7-m/nofp/crtbegin.o

.rodata         0x00000000080022e8       0x24
                0x00000000080022e8                . = ALIGN (0x4)
 *(.rodata)
 *(.rodata*)
 .rodata.AHBPrescTable
                0x00000000080022e8       0x10 ./Core/Src/system_stm32f1xx.o
                0x00000000080022e8                AHBPrescTable
 .rodata.aPLLMULFactorTable.6032
                0x00000000080022f8       0x10 ./Drivers/STM32F1xx_HAL_Driver/Src/stm32f1xx_hal_rcc.o
 .rodata.aPredivFactorTable.6033
                0x0000000008002308        0x2 ./Drivers/STM32F1xx_HAL_Driver/Src/stm32f1xx_hal_rcc.o
                0x000000000800230c                . = ALIGN (0x4)
 *fill*         0x000000000800230a        0x2 

.rel.dyn        0x000000000800230c        0x0
 .rel.iplt      0x000000000800230c        0x0 c:/st/stm32cubeide_1.7.0/stm32cubeide/plugins/com.st.stm32cube.ide.mcu.externaltools.gnu-tools-for-stm32.9-2020-q2-update.win32_2.0.0.202105311346/tools/bin/../lib/gcc/arm-none-eabi/9.3.1/thumb/v7-m/nofp/crtbegin.o

.ARM.extab      0x000000000800230c        0x0
                0x000000000800230c                . = ALIGN (0x4)
 *(.ARM.extab* .gnu.linkonce.armextab.*)
                0x000000000800230c                . = ALIGN (0x4)

.ARM            0x000000000800230c        0x0
                0x000000000800230c                . = ALIGN (0x4)
                0x000000000800230c                __exidx_start = .
 *(.ARM.exidx*)
                0x000000000800230c                __exidx_end = .
                0x000000000800230c                . = ALIGN (0x4)

.preinit_array  0x000000000800230c        0x0
                0x000000000800230c                . = ALIGN (0x4)
                0x000000000800230c                PROVIDE (__preinit_array_start = .)
 *(.preinit_array*)
                0x000000000800230c                PROVIDE (__preinit_array_end = .)
                0x000000000800230c                . = ALIGN (0x4)

.init_array     0x000000000800230c        0x4
                0x000000000800230c                . = ALIGN (0x4)
                0x000000000800230c                PROVIDE (__init_array_start = .)
 *(SORT_BY_NAME(.init_array.*))
 *(.init_array*)
 .init_array    0x000000000800230c        0x4 c:/st/stm32cubeide_1.7.0/stm32cubeide/plugins/com.st.stm32cube.ide.mcu.externaltools.gnu-tools-for-stm32.9-2020-q2-update.win32_2.0.0.202105311346/tools/bin/../lib/gcc/arm-none-eabi/9.3.1/thumb/v7-m/nofp/crtbegin.o
                0x0000000008002310                PROVIDE (__init_array_end = .)
                0x0000000008002310                . = ALIGN (0x4)

.fini_array     0x0000000008002310        0x4
                0x0000000008002310                . = ALIGN (0x4)
                [!provide]                        PROVIDE (__fini_array_start = .)
 *(SORT_BY_NAME(.fini_array.*))
 *(.fini_array*)
 .fini_array    0x0000000008002310        0x4 c:/st/stm32cubeide_1.7.0/stm32cubeide/plugins/com.st.stm32cube.ide.mcu.externaltools.gnu-tools-for-stm32.9-2020-q2-update.win32_2.0.0.202105311346/tools/bin/../lib/gcc/arm-none-eabi/9.3.1/thumb/v7-m/nofp/crtbegin.o
                [!provide]                        PROVIDE (__fini_array_end = .)
                0x0000000008002314                . = ALIGN (0x4)
                0x0000000008002314                _sidata = LOADADDR (.data)

.data           0x0000000020000000       0x44 load address 0x0000000008002314
                0x0000000020000000                . = ALIGN (0x4)
                0x0000000020000000                _sdata = .
 *(.data)
 *(.data*)
 .data.key1_temp0
                0x0000000020000000        0x4 ./Core/Src/button.o
                0x0000000020000000                key1_temp0
 .data.key1_temp1
                0x0000000020000004        0x4 ./Core/Src/button.o
                0x0000000020000004                key1_temp1
 .data.key1_temp2
                0x0000000020000008        0x4 ./Core/Src/button.o
                0x0000000020000008                key1_temp2
 .data.key1_temp3
                0x000000002000000c        0x4 ./Core/Src/button.o
                0x000000002000000c                key1_temp3
 .data.key2_temp0
                0x0000000020000010        0x4 ./Core/Src/button.o
                0x0000000020000010                key2_temp0
 .data.key2_temp1
                0x0000000020000014        0x4 ./Core/Src/button.o
                0x0000000020000014                key2_temp1
 .data.key2_temp2
                0x0000000020000018        0x4 ./Core/Src/button.o
                0x0000000020000018                key2_temp2
 .data.key2_temp3
                0x000000002000001c        0x4 ./Core/Src/button.o
                0x000000002000001c                key2_temp3
 .data.key3_temp0
                0x0000000020000020        0x4 ./Core/Src/button.o
                0x0000000020000020                key3_temp0
 .data.key3_temp1
                0x0000000020000024        0x4 ./Core/Src/button.o
                0x0000000020000024                key3_temp1
 .data.key3_temp2
                0x0000000020000028        0x4 ./Core/Src/button.o
                0x0000000020000028                key3_temp2
 .data.key3_temp3
                0x000000002000002c        0x4 ./Core/Src/button.o
                0x000000002000002c                key3_temp3
 .data.hour     0x0000000020000030        0x4 ./Core/Src/main.o
                0x0000000020000030                hour
 .data.minute   0x0000000020000034        0x4 ./Core/Src/main.o
                0x0000000020000034                minute
 .data.SystemCoreClock
                0x0000000020000038        0x4 ./Core/Src/system_stm32f1xx.o
                0x0000000020000038                SystemCoreClock
 .data.uwTickPrio
                0x000000002000003c        0x4 ./Drivers/STM32F1xx_HAL_Driver/Src/stm32f1xx_hal.o
                0x000000002000003c                uwTickPrio
 .data.uwTickFreq
                0x0000000020000040        0x1 ./Drivers/STM32F1xx_HAL_Driver/Src/stm32f1xx_hal.o
                0x0000000020000040                uwTickFreq
 *(.RamFunc)
 *(.RamFunc*)
                0x0000000020000044                . = ALIGN (0x4)
 *fill*         0x0000000020000041        0x3 
                0x0000000020000044                _edata = .

.igot.plt       0x0000000020000044        0x0 load address 0x0000000008002358
 .igot.plt      0x0000000020000044        0x0 c:/st/stm32cubeide_1.7.0/stm32cubeide/plugins/com.st.stm32cube.ide.mcu.externaltools.gnu-tools-for-stm32.9-2020-q2-update.win32_2.0.0.202105311346/tools/bin/../lib/gcc/arm-none-eabi/9.3.1/thumb/v7-m/nofp/crtbegin.o
                0x0000000020000044                . = ALIGN (0x4)

.bss            0x0000000020000044      0x10c load address 0x0000000008002358
                0x0000000020000044                _sbss = .
                0x0000000020000044                __bss_start__ = _sbss
 *(.bss)
 .bss           0x0000000020000044       0x1c c:/st/stm32cubeide_1.7.0/stm32cubeide/plugins/com.st.stm32cube.ide.mcu.externaltools.gnu-tools-for-stm32.9-2020-q2-update.win32_2.0.0.202105311346/tools/bin/../lib/gcc/arm-none-eabi/9.3.1/thumb/v7-m/nofp/crtbegin.o
 *(.bss*)
 .bss.timePress
                0x0000000020000060        0x4 ./Core/Src/button.o
                0x0000000020000060                timePress
 .bss.status    0x0000000020000064        0x4 ./Core/Src/global.o
                0x0000000020000064                status
 *(COMMON)
 COMMON         0x0000000020000068       0x38 ./Core/Src/button.o
                0x0000000020000068                buttonkey
                0x0000000020000078                buttonFlag
 COMMON         0x00000000200000a0       0x5c ./Core/Src/main.o
                0x00000000200000a0                led_buffer
                0x00000000200000b0                led_index
                0x00000000200000b4                htim2
 COMMON         0x00000000200000fc       0x50 ./Core/Src/timer.o
                0x00000000200000fc                timer_counter
                0x0000000020000124                timer_flag
 COMMON         0x000000002000014c        0x4 ./Drivers/STM32F1xx_HAL_Driver/Src/stm32f1xx_hal.o
                0x000000002000014c                uwTick
                0x0000000020000150                . = ALIGN (0x4)
                0x0000000020000150                _ebss = .
                0x0000000020000150                __bss_end__ = _ebss

._user_heap_stack
                0x0000000020000150      0x600 load address 0x0000000008002358
                0x0000000020000150                . = ALIGN (0x8)
                [!provide]                        PROVIDE (end = .)
                0x0000000020000150                PROVIDE (_end = .)
                0x0000000020000350                . = (. + _Min_Heap_Size)
 *fill*         0x0000000020000150      0x200 
                0x0000000020000750                . = (. + _Min_Stack_Size)
 *fill*         0x0000000020000350      0x400 
                0x0000000020000750                . = ALIGN (0x8)

/DISCARD/
 libc.a(*)
 libm.a(*)
 libgcc.a(*)

.ARM.attributes
                0x0000000000000000       0x29
 *(.ARM.attributes)
 .ARM.attributes
                0x0000000000000000       0x1d c:/st/stm32cubeide_1.7.0/stm32cubeide/plugins/com.st.stm32cube.ide.mcu.externaltools.gnu-tools-for-stm32.9-2020-q2-update.win32_2.0.0.202105311346/tools/bin/../lib/gcc/arm-none-eabi/9.3.1/thumb/v7-m/nofp/crti.o
 .ARM.attributes
                0x000000000000001d       0x2d c:/st/stm32cubeide_1.7.0/stm32cubeide/plugins/com.st.stm32cube.ide.mcu.externaltools.gnu-tools-for-stm32.9-2020-q2-update.win32_2.0.0.202105311346/tools/bin/../lib/gcc/arm-none-eabi/9.3.1/thumb/v7-m/nofp/crtbegin.o
 .ARM.attributes
                0x000000000000004a       0x2d ./Core/Src/button.o
 .ARM.attributes
                0x0000000000000077       0x2d ./Core/Src/fsm_auto.o
 .ARM.attributes
                0x00000000000000a4       0x2d ./Core/Src/fsm_manual.o
 .ARM.attributes
                0x00000000000000d1       0x2d ./Core/Src/global.o
 .ARM.attributes
                0x00000000000000fe       0x2d ./Core/Src/main.o
 .ARM.attributes
                0x000000000000012b       0x2d ./Core/Src/stm32f1xx_hal_msp.o
 .ARM.attributes
                0x0000000000000158       0x2d ./Core/Src/stm32f1xx_it.o
 .ARM.attributes
                0x0000000000000185       0x2d ./Core/Src/system_stm32f1xx.o
 .ARM.attributes
                0x00000000000001b2       0x2d ./Core/Src/timer.o
 .ARM.attributes
                0x00000000000001df       0x2d ./Core/Src/traffic_light.o
 .ARM.attributes
                0x000000000000020c       0x21 ./Core/Startup/startup_stm32f103c6ux.o
 .ARM.attributes
                0x000000000000022d       0x2d ./Drivers/STM32F1xx_HAL_Driver/Src/stm32f1xx_hal.o
 .ARM.attributes
                0x000000000000025a       0x2d ./Drivers/STM32F1xx_HAL_Driver/Src/stm32f1xx_hal_cortex.o
 .ARM.attributes
                0x0000000000000287       0x2d ./Drivers/STM32F1xx_HAL_Driver/Src/stm32f1xx_hal_gpio.o
 .ARM.attributes
                0x00000000000002b4       0x2d ./Drivers/STM32F1xx_HAL_Driver/Src/stm32f1xx_hal_rcc.o
 .ARM.attributes
                0x00000000000002e1       0x2d ./Drivers/STM32F1xx_HAL_Driver/Src/stm32f1xx_hal_tim.o
 .ARM.attributes
                0x000000000000030e       0x2d ./Drivers/STM32F1xx_HAL_Driver/Src/stm32f1xx_hal_tim_ex.o
 .ARM.attributes
                0x000000000000033b       0x2d c:/st/stm32cubeide_1.7.0/stm32cubeide/plugins/com.st.stm32cube.ide.mcu.externaltools.gnu-tools-for-stm32.9-2020-q2-update.win32_2.0.0.202105311346/tools/bin/../lib/gcc/arm-none-eabi/9.3.1/../../../../arm-none-eabi/lib/thumb/v7-m/nofp\libc_nano.a(lib_a-init.o)
 .ARM.attributes
                0x0000000000000368       0x2d c:/st/stm32cubeide_1.7.0/stm32cubeide/plugins/com.st.stm32cube.ide.mcu.externaltools.gnu-tools-for-stm32.9-2020-q2-update.win32_2.0.0.202105311346/tools/bin/../lib/gcc/arm-none-eabi/9.3.1/../../../../arm-none-eabi/lib/thumb/v7-m/nofp\libc_nano.a(lib_a-memset.o)
 .ARM.attributes
                0x0000000000000395       0x1d c:/st/stm32cubeide_1.7.0/stm32cubeide/plugins/com.st.stm32cube.ide.mcu.externaltools.gnu-tools-for-stm32.9-2020-q2-update.win32_2.0.0.202105311346/tools/bin/../lib/gcc/arm-none-eabi/9.3.1/thumb/v7-m/nofp/crtn.o
OUTPUT(led_animation.elf elf32-littlearm)
LOAD linker stubs
LOAD c:/st/stm32cubeide_1.7.0/stm32cubeide/plugins/com.st.stm32cube.ide.mcu.externaltools.gnu-tools-for-stm32.9-2020-q2-update.win32_2.0.0.202105311346/tools/bin/../lib/gcc/arm-none-eabi/9.3.1/../../../../arm-none-eabi/lib/thumb/v7-m/nofp\libc.a
LOAD c:/st/stm32cubeide_1.7.0/stm32cubeide/plugins/com.st.stm32cube.ide.mcu.externaltools.gnu-tools-for-stm32.9-2020-q2-update.win32_2.0.0.202105311346/tools/bin/../lib/gcc/arm-none-eabi/9.3.1/../../../../arm-none-eabi/lib/thumb/v7-m/nofp\libm.a
LOAD c:/st/stm32cubeide_1.7.0/stm32cubeide/plugins/com.st.stm32cube.ide.mcu.externaltools.gnu-tools-for-stm32.9-2020-q2-update.win32_2.0.0.202105311346/tools/bin/../lib/gcc/arm-none-eabi/9.3.1/thumb/v7-m/nofp\libgcc.a

.debug_info     0x0000000000000000     0x952b
 .debug_info    0x0000000000000000      0x3a6 ./Core/Src/button.o
 .debug_info    0x00000000000003a6      0x28c ./Core/Src/fsm_auto.o
 .debug_info    0x0000000000000632      0x1d2 ./Core/Src/fsm_manual.o
 .debug_info    0x0000000000000804      0x28d ./Core/Src/global.o
 .debug_info    0x0000000000000a91      0xc63 ./Core/Src/main.o
 .debug_info    0x00000000000016f4      0xa09 ./Core/Src/stm32f1xx_hal_msp.o
 .debug_info    0x00000000000020fd      0x7b9 ./Core/Src/stm32f1xx_it.o
 .debug_info    0x00000000000028b6      0x2be ./Core/Src/system_stm32f1xx.o
 .debug_info    0x0000000000002b74      0x229 ./Core/Src/timer.o
 .debug_info    0x0000000000002d9d      0x31d ./Core/Src/traffic_light.o
 .debug_info    0x00000000000030ba       0x22 ./Core/Startup/startup_stm32f103c6ux.o
 .debug_info    0x00000000000030dc      0x74c ./Drivers/STM32F1xx_HAL_Driver/Src/stm32f1xx_hal.o
 .debug_info    0x0000000000003828      0xbbe ./Drivers/STM32F1xx_HAL_Driver/Src/stm32f1xx_hal_cortex.o
 .debug_info    0x00000000000043e6      0x701 ./Drivers/STM32F1xx_HAL_Driver/Src/stm32f1xx_hal_gpio.o
 .debug_info    0x0000000000004ae7      0x893 ./Drivers/STM32F1xx_HAL_Driver/Src/stm32f1xx_hal_rcc.o
 .debug_info    0x000000000000537a     0x2c32 ./Drivers/STM32F1xx_HAL_Driver/Src/stm32f1xx_hal_tim.o
 .debug_info    0x0000000000007fac     0x157f ./Drivers/STM32F1xx_HAL_Driver/Src/stm32f1xx_hal_tim_ex.o

.debug_abbrev   0x0000000000000000     0x1b87
 .debug_abbrev  0x0000000000000000      0x147 ./Core/Src/button.o
 .debug_abbrev  0x0000000000000147       0xf6 ./Core/Src/fsm_auto.o
 .debug_abbrev  0x000000000000023d       0xb6 ./Core/Src/fsm_manual.o
 .debug_abbrev  0x00000000000002f3      0x10e ./Core/Src/global.o
 .debug_abbrev  0x0000000000000401      0x26f ./Core/Src/main.o
 .debug_abbrev  0x0000000000000670      0x1b7 ./Core/Src/stm32f1xx_hal_msp.o
 .debug_abbrev  0x0000000000000827      0x176 ./Core/Src/stm32f1xx_it.o
 .debug_abbrev  0x000000000000099d      0x14e ./Core/Src/system_stm32f1xx.o
 .debug_abbrev  0x0000000000000aeb      0x11d ./Core/Src/timer.o
 .debug_abbrev  0x0000000000000c08      0x14e ./Core/Src/traffic_light.o
 .debug_abbrev  0x0000000000000d56       0x12 ./Core/Startup/startup_stm32f103c6ux.o
 .debug_abbrev  0x0000000000000d68      0x1ed ./Drivers/STM32F1xx_HAL_Driver/Src/stm32f1xx_hal.o
 .debug_abbrev  0x0000000000000f55      0x313 ./Drivers/STM32F1xx_HAL_Driver/Src/stm32f1xx_hal_cortex.o
 .debug_abbrev  0x0000000000001268      0x1e8 ./Drivers/STM32F1xx_HAL_Driver/Src/stm32f1xx_hal_gpio.o
 .debug_abbrev  0x0000000000001450      0x273 ./Drivers/STM32F1xx_HAL_Driver/Src/stm32f1xx_hal_rcc.o
 .debug_abbrev  0x00000000000016c3      0x25e ./Drivers/STM32F1xx_HAL_Driver/Src/stm32f1xx_hal_tim.o
 .debug_abbrev  0x0000000000001921      0x266 ./Drivers/STM32F1xx_HAL_Driver/Src/stm32f1xx_hal_tim_ex.o

.debug_aranges  0x0000000000000000      0xa20
 .debug_aranges
                0x0000000000000000       0x28 ./Core/Src/button.o
 .debug_aranges
                0x0000000000000028       0x20 ./Core/Src/fsm_auto.o
 .debug_aranges
                0x0000000000000048       0x20 ./Core/Src/fsm_manual.o
 .debug_aranges
                0x0000000000000068       0x20 ./Core/Src/global.o
 .debug_aranges
                0x0000000000000088       0x50 ./Core/Src/main.o
 .debug_aranges
                0x00000000000000d8       0x30 ./Core/Src/stm32f1xx_hal_msp.o
 .debug_aranges
                0x0000000000000108       0x68 ./Core/Src/stm32f1xx_it.o
 .debug_aranges
                0x0000000000000170       0x28 ./Core/Src/system_stm32f1xx.o
 .debug_aranges
                0x0000000000000198       0x30 ./Core/Src/timer.o
 .debug_aranges
                0x00000000000001c8       0x30 ./Core/Src/traffic_light.o
 .debug_aranges
                0x00000000000001f8       0x28 ./Core/Startup/startup_stm32f103c6ux.o
 .debug_aranges
                0x0000000000000220       0xe0 ./Drivers/STM32F1xx_HAL_Driver/Src/stm32f1xx_hal.o
 .debug_aranges
                0x0000000000000300      0x100 ./Drivers/STM32F1xx_HAL_Driver/Src/stm32f1xx_hal_cortex.o
 .debug_aranges
                0x0000000000000400       0x58 ./Drivers/STM32F1xx_HAL_Driver/Src/stm32f1xx_hal_gpio.o
 .debug_aranges
                0x0000000000000458       0x90 ./Drivers/STM32F1xx_HAL_Driver/Src/stm32f1xx_hal_rcc.o
 .debug_aranges
                0x00000000000004e8      0x3d0 ./Drivers/STM32F1xx_HAL_Driver/Src/stm32f1xx_hal_tim.o
 .debug_aranges
                0x00000000000008b8      0x168 ./Drivers/STM32F1xx_HAL_Driver/Src/stm32f1xx_hal_tim_ex.o

.debug_ranges   0x0000000000000000      0x918
 .debug_ranges  0x0000000000000000       0x18 ./Core/Src/button.o
 .debug_ranges  0x0000000000000018       0x10 ./Core/Src/fsm_auto.o
 .debug_ranges  0x0000000000000028       0x10 ./Core/Src/fsm_manual.o
 .debug_ranges  0x0000000000000038       0x10 ./Core/Src/global.o
 .debug_ranges  0x0000000000000048       0x40 ./Core/Src/main.o
 .debug_ranges  0x0000000000000088       0x20 ./Core/Src/stm32f1xx_hal_msp.o
 .debug_ranges  0x00000000000000a8       0x58 ./Core/Src/stm32f1xx_it.o
 .debug_ranges  0x0000000000000100       0x18 ./Core/Src/system_stm32f1xx.o
 .debug_ranges  0x0000000000000118       0x20 ./Core/Src/timer.o
 .debug_ranges  0x0000000000000138       0x20 ./Core/Src/traffic_light.o
 .debug_ranges  0x0000000000000158       0x20 ./Core/Startup/startup_stm32f103c6ux.o
 .debug_ranges  0x0000000000000178       0xd0 ./Drivers/STM32F1xx_HAL_Driver/Src/stm32f1xx_hal.o
 .debug_ranges  0x0000000000000248       0xf0 ./Drivers/STM32F1xx_HAL_Driver/Src/stm32f1xx_hal_cortex.o
 .debug_ranges  0x0000000000000338       0x48 ./Drivers/STM32F1xx_HAL_Driver/Src/stm32f1xx_hal_gpio.o
 .debug_ranges  0x0000000000000380       0x80 ./Drivers/STM32F1xx_HAL_Driver/Src/stm32f1xx_hal_rcc.o
 .debug_ranges  0x0000000000000400      0x3c0 ./Drivers/STM32F1xx_HAL_Driver/Src/stm32f1xx_hal_tim.o
 .debug_ranges  0x00000000000007c0      0x158 ./Drivers/STM32F1xx_HAL_Driver/Src/stm32f1xx_hal_tim_ex.o

.debug_macro    0x0000000000000000     0x1c6f
 .debug_macro   0x0000000000000000      0x1c7 ./Core/Src/button.o
 .debug_macro   0x00000000000001c7       0x82 ./Core/Src/button.o
 .debug_macro   0x0000000000000249      0x1db ./Core/Src/fsm_auto.o
 .debug_macro   0x0000000000000424      0x1d1 ./Core/Src/fsm_manual.o
 .debug_macro   0x00000000000005f5      0x1c7 ./Core/Src/global.o
 .debug_macro   0x00000000000007bc      0x219 ./Core/Src/main.o
 .debug_macro   0x00000000000009d5      0x1a6 ./Core/Src/stm32f1xx_hal_msp.o
 .debug_macro   0x0000000000000b7b      0x1b0 ./Core/Src/stm32f1xx_it.o
 .debug_macro   0x0000000000000d2b      0x197 ./Core/Src/system_stm32f1xx.o
 .debug_macro   0x0000000000000ec2      0x1b0 ./Core/Src/timer.o
 .debug_macro   0x0000000000001072      0x1d1 ./Core/Src/traffic_light.o
 .debug_macro   0x0000000000001243      0x1bb ./Drivers/STM32F1xx_HAL_Driver/Src/stm32f1xx_hal.o
 .debug_macro   0x00000000000013fe      0x197 ./Drivers/STM32F1xx_HAL_Driver/Src/stm32f1xx_hal_cortex.o
 .debug_macro   0x0000000000001595      0x202 ./Drivers/STM32F1xx_HAL_Driver/Src/stm32f1xx_hal_gpio.o
 .debug_macro   0x0000000000001797      0x1a9 ./Drivers/STM32F1xx_HAL_Driver/Src/stm32f1xx_hal_rcc.o
 .debug_macro   0x0000000000001940      0x198 ./Drivers/STM32F1xx_HAL_Driver/Src/stm32f1xx_hal_tim.o
 .debug_macro   0x0000000000001ad8      0x197 ./Drivers/STM32F1xx_HAL_Driver/Src/stm32f1xx_hal_tim_ex.o

.debug_line     0x0000000000000000     0xbdd3
 .debug_line    0x0000000000000000      0x76d ./Core/Src/button.o
 .debug_line    0x000000000000076d      0x730 ./Core/Src/fsm_auto.o
 .debug_line    0x0000000000000e9d      0x711 ./Core/Src/fsm_manual.o
 .debug_line    0x00000000000015ae      0x68c ./Core/Src/global.o
 .debug_line    0x0000000000001c3a      0x840 ./Core/Src/main.o
 .debug_line    0x000000000000247a      0x6a1 ./Core/Src/stm32f1xx_hal_msp.o
 .debug_line    0x0000000000002b1b      0x73f ./Core/Src/stm32f1xx_it.o
 .debug_line    0x000000000000325a      0x6e3 ./Core/Src/system_stm32f1xx.o
 .debug_line    0x000000000000393d      0x69e ./Core/Src/timer.o
 .debug_line    0x0000000000003fdb      0x734 ./Core/Src/traffic_light.o
 .debug_line    0x000000000000470f       0x86 ./Core/Startup/startup_stm32f103c6ux.o
 .debug_line    0x0000000000004795      0x910 ./Drivers/STM32F1xx_HAL_Driver/Src/stm32f1xx_hal.o
 .debug_line    0x00000000000050a5      0xaf8 ./Drivers/STM32F1xx_HAL_Driver/Src/stm32f1xx_hal_cortex.o
 .debug_line    0x0000000000005b9d      0x993 ./Drivers/STM32F1xx_HAL_Driver/Src/stm32f1xx_hal_gpio.o
 .debug_line    0x0000000000006530      0xd1c ./Drivers/STM32F1xx_HAL_Driver/Src/stm32f1xx_hal_rcc.o
 .debug_line    0x000000000000724c     0x3361 ./Drivers/STM32F1xx_HAL_Driver/Src/stm32f1xx_hal_tim.o
 .debug_line    0x000000000000a5ad     0x1826 ./Drivers/STM32F1xx_HAL_Driver/Src/stm32f1xx_hal_tim_ex.o

.debug_str      0x0000000000000000    0x823e7
 .debug_str     0x0000000000000000    0x7f916 ./Core/Src/button.o
                                      0x7fc86 (size before relaxing)
 .debug_str     0x000000000007f916       0x60 ./Core/Src/fsm_auto.o
                                      0x7fc1f (size before relaxing)
 .debug_str     0x000000000007f976       0x37 ./Core/Src/fsm_manual.o
                                      0x7fbcb (size before relaxing)
 .debug_str     0x000000000007f9ad       0x1e ./Core/Src/global.o
                                      0x7fbe3 (size before relaxing)
 .debug_str     0x000000000007f9cb      0x75c ./Core/Src/main.o
                                      0x8041a (size before relaxing)
 .debug_str     0x0000000000080127      0x2ba ./Core/Src/stm32f1xx_hal_msp.o
                                      0x80243 (size before relaxing)
 .debug_str     0x00000000000803e1       0xcd ./Core/Src/stm32f1xx_it.o
                                      0x7ffa5 (size before relaxing)
 .debug_str     0x00000000000804ae       0x52 ./Core/Src/system_stm32f1xx.o
                                      0x7f76b (size before relaxing)
 .debug_str     0x0000000000080500       0x37 ./Core/Src/timer.o
                                      0x7fa7c (size before relaxing)
 .debug_str     0x0000000000080537       0x3d ./Core/Src/traffic_light.o
                                      0x7fc33 (size before relaxing)
 .debug_str     0x0000000000080574       0x36 ./Core/Startup/startup_stm32f103c6ux.o
                                         0x5f (size before relaxing)
 .debug_str     0x00000000000805aa      0x304 ./Drivers/STM32F1xx_HAL_Driver/Src/stm32f1xx_hal.o
                                      0x7fdc2 (size before relaxing)
 .debug_str     0x00000000000808ae      0x300 ./Drivers/STM32F1xx_HAL_Driver/Src/stm32f1xx_hal_cortex.o
                                      0x7fdca (size before relaxing)
 .debug_str     0x0000000000080bae      0x324 ./Drivers/STM32F1xx_HAL_Driver/Src/stm32f1xx_hal_gpio.o
                                      0x7fb2f (size before relaxing)
 .debug_str     0x0000000000080ed2      0x24f ./Drivers/STM32F1xx_HAL_Driver/Src/stm32f1xx_hal_rcc.o
                                      0x7fb68 (size before relaxing)
 .debug_str     0x0000000000081121      0xdd8 ./Drivers/STM32F1xx_HAL_Driver/Src/stm32f1xx_hal_tim.o
                                      0x80b51 (size before relaxing)
 .debug_str     0x0000000000081ef9      0x4ee ./Drivers/STM32F1xx_HAL_Driver/Src/stm32f1xx_hal_tim_ex.o
                                      0x802f2 (size before relaxing)

.comment        0x0000000000000000       0x53
 .comment       0x0000000000000000       0x53 ./Core/Src/button.o
                                         0x54 (size before relaxing)
 .comment       0x0000000000000053       0x54 ./Core/Src/fsm_auto.o
 .comment       0x0000000000000053       0x54 ./Core/Src/fsm_manual.o
 .comment       0x0000000000000053       0x54 ./Core/Src/global.o
 .comment       0x0000000000000053       0x54 ./Core/Src/main.o
 .comment       0x0000000000000053       0x54 ./Core/Src/stm32f1xx_hal_msp.o
 .comment       0x0000000000000053       0x54 ./Core/Src/stm32f1xx_it.o
 .comment       0x0000000000000053       0x54 ./Core/Src/system_stm32f1xx.o
 .comment       0x0000000000000053       0x54 ./Core/Src/timer.o
 .comment       0x0000000000000053       0x54 ./Core/Src/traffic_light.o
 .comment       0x0000000000000053       0x54 ./Drivers/STM32F1xx_HAL_Driver/Src/stm32f1xx_hal.o
 .comment       0x0000000000000053       0x54 ./Drivers/STM32F1xx_HAL_Driver/Src/stm32f1xx_hal_cortex.o
 .comment       0x0000000000000053       0x54 ./Drivers/STM32F1xx_HAL_Driver/Src/stm32f1xx_hal_gpio.o
 .comment       0x0000000000000053       0x54 ./Drivers/STM32F1xx_HAL_Driver/Src/stm32f1xx_hal_rcc.o
 .comment       0x0000000000000053       0x54 ./Drivers/STM32F1xx_HAL_Driver/Src/stm32f1xx_hal_tim.o
 .comment       0x0000000000000053       0x54 ./Drivers/STM32F1xx_HAL_Driver/Src/stm32f1xx_hal_tim_ex.o

.debug_frame    0x0000000000000000     0x27b8
 .debug_frame   0x0000000000000000       0x54 ./Core/Src/button.o
 .debug_frame   0x0000000000000054       0x2c ./Core/Src/fsm_auto.o
 .debug_frame   0x0000000000000080       0x2c ./Core/Src/fsm_manual.o
 .debug_frame   0x00000000000000ac       0x2c ./Core/Src/global.o
 .debug_frame   0x00000000000000d8       0xf4 ./Core/Src/main.o
 .debug_frame   0x00000000000001cc       0x80 ./Core/Src/stm32f1xx_hal_msp.o
 .debug_frame   0x000000000000024c      0x120 ./Core/Src/stm32f1xx_it.o
 .debug_frame   0x000000000000036c       0x58 ./Core/Src/system_stm32f1xx.o
 .debug_frame   0x00000000000003c4       0x7c ./Core/Src/timer.o
 .debug_frame   0x0000000000000440       0x80 ./Core/Src/traffic_light.o
 .debug_frame   0x00000000000004c0      0x334 ./Drivers/STM32F1xx_HAL_Driver/Src/stm32f1xx_hal.o
 .debug_frame   0x00000000000007f4      0x428 ./Drivers/STM32F1xx_HAL_Driver/Src/stm32f1xx_hal_cortex.o
 .debug_frame   0x0000000000000c1c      0x14c ./Drivers/STM32F1xx_HAL_Driver/Src/stm32f1xx_hal_gpio.o
 .debug_frame   0x0000000000000d68      0x218 ./Drivers/STM32F1xx_HAL_Driver/Src/stm32f1xx_hal_rcc.o
 .debug_frame   0x0000000000000f80     0x11b4 ./Drivers/STM32F1xx_HAL_Driver/Src/stm32f1xx_hal_tim.o
 .debug_frame   0x0000000000002134      0x638 ./Drivers/STM32F1xx_HAL_Driver/Src/stm32f1xx_hal_tim_ex.o
 .debug_frame   0x000000000000276c       0x2c c:/st/stm32cubeide_1.7.0/stm32cubeide/plugins/com.st.stm32cube.ide.mcu.externaltools.gnu-tools-for-stm32.9-2020-q2-update.win32_2.0.0.202105311346/tools/bin/../lib/gcc/arm-none-eabi/9.3.1/../../../../arm-none-eabi/lib/thumb/v7-m/nofp\libc_nano.a(lib_a-init.o)
 .debug_frame   0x0000000000002798       0x20 c:/st/stm32cubeide_1.7.0/stm32cubeide/plugins/com.st.stm32cube.ide.mcu.externaltools.gnu-tools-for-stm32.9-2020-q2-update.win32_2.0.0.202105311346/tools/bin/../lib/gcc/arm-none-eabi/9.3.1/../../../../arm-none-eabi/lib/thumb/v7-m/nofp\libc_nano.a(lib_a-memset.o)
